// Jest Snapshot v1, https://goo.gl/fbAQLP

exports[`Prioritizer renders 1`] = `
<div
  className="Content"
>
  <p>
    Loading
  </p>
</div>
`;
